fatal: not a git repository (or any parent up to mount point /home)
Stopping at filesystem boundary (GIT_DISCOVERY_ACROSS_FILESYSTEM not set).
fatal: not a git repository (or any parent up to mount point /home)
Stopping at filesystem boundary (GIT_DISCOVERY_ACROSS_FILESYSTEM not set).
/bin/sh: 1: /gitcron.sh: not found
/bin/sh: 1: ./gitcron.sh: not found
/bin/sh: 1: ./gitcron.sh: not found
adding-faq
analyze-stats
checking-testing
compiler-check
compiler-test
Desktop
Documents
Downloads
dramctrl-check
lupio
lupio-crystal
LupIO-RISCV-fs
Music
Pictures
Public
qemu+os
riscv-board
riscv-confirmation
runner-test
snap
stdlib-documentation
Templates
testing-directory
testing-drain
test-weeklies
vagrant-test
vendor-testing
Videos
VirtualBox VMs
vm-testing
/bin/sh: 1: ./gitcron.sh: not found
adding-faq
analyze-stats
checking-testing
compiler-check
compiler-test
Desktop
Documents
Downloads
dramctrl-check
lupio
lupio-crystal
LupIO-RISCV-fs
Music
Pictures
Public
qemu+os
riscv-board
riscv-confirmation
runner-test
snap
stdlib-documentation
Templates
testing-directory
testing-drain
test-weeklies
vagrant-test
vendor-testing
Videos
VirtualBox VMs
vm-testing
/bin/sh: 1: ./gitcron.sh: Permission denied
adding-faq
analyze-stats
checking-testing
compiler-check
compiler-test
Desktop
Documents
Downloads
dramctrl-check
gitcron.sh
lupio
lupio-crystal
LupIO-RISCV-fs
Music
Pictures
Public
qemu+os
riscv-board
riscv-confirmation
runner-test
snap
stdlib-documentation
Templates
testing-directory
testing-drain
test-weeklies
vagrant-test
vendor-testing
Videos
VirtualBox VMs
vm-testing
/bin/sh: 1: ./gitcron.sh: Permission denied
sudo: a terminal is required to read the password; either use the -S option to read from standard input or configure an askpass helper
sudo: a terminal is required to read the password; either use the -S option to read from standard input or configure an askpass helper
From https://gem5.googlesource.com/public/gem5
 * branch                  develop    -> FETCH_HEAD
Already up to date.
fatal: could not read Username for 'https://github.com': No such device or address
From https://gem5.googlesource.com/public/gem5
 * branch                  develop    -> FETCH_HEAD
Already up to date.
fatal: could not read Username for 'https://github.com': No such device or address
From https://gem5.googlesource.com/public/gem5
 * branch                  develop    -> FETCH_HEAD
Already up to date.
fatal: could not read Username for 'https://github.com': No such device or address
From https://gem5.googlesource.com/public/gem5
 * branch                  develop    -> FETCH_HEAD
Already up to date.
fatal: could not read Username for 'https://github.com': No such device or address
From https://gem5.googlesource.com/public/gem5
 * branch                  develop    -> FETCH_HEAD
Already up to date.
fatal: could not read Username for 'https://github.com': No such device or address
From https://gem5.googlesource.com/public/gem5
 * branch                  develop    -> FETCH_HEAD
Already up to date.
fatal: could not read Username for 'https://github.com': No such device or address
From https://gem5.googlesource.com/public/gem5
 * branch                  develop    -> FETCH_HEAD
Already up to date.
fatal: could not read Username for 'https://github.com': No such device or address
From https://gem5.googlesource.com/public/gem5
 * branch                  develop    -> FETCH_HEAD
Already up to date.
fatal: could not read Username for 'https://github.com': No such device or address
From https://gem5.googlesource.com/public/gem5
 * branch                  develop    -> FETCH_HEAD
Already up to date.
fatal: could not read Username for 'https://github.com': No such device or address
From https://gem5.googlesource.com/public/gem5
 * branch                  develop    -> FETCH_HEAD
Already up to date.
fatal: could not read Username for 'https://github.com': No such device or address
From https://gem5.googlesource.com/public/gem5
 * branch                  develop    -> FETCH_HEAD
Already up to date.
fatal: could not read Username for 'https://github.com': No such device or address
From https://gem5.googlesource.com/public/gem5
 * branch                  develop    -> FETCH_HEAD
Already up to date.
fatal: could not read Username for 'https://github.com': No such device or address
From https://gem5.googlesource.com/public/gem5
 * branch                  develop    -> FETCH_HEAD
Already up to date.
fatal: 'git@github.user/project.git' does not appear to be a git repository
fatal: Could not read from remote repository.

Please make sure you have the correct access rights
and the repository exists.
From https://gem5.googlesource.com/public/gem5
 * branch                  develop    -> FETCH_HEAD
Already up to date.
fatal: 'git@github.user/project.git' does not appear to be a git repository
fatal: Could not read from remote repository.

Please make sure you have the correct access rights
and the repository exists.
From https://gem5.googlesource.com/public/gem5
 * branch                  develop    -> FETCH_HEAD
Already up to date.
fatal: could not read Username for 'https://github.com': No such device or address
From https://gem5.googlesource.com/public/gem5
 * branch                  develop    -> FETCH_HEAD
Already up to date.
fatal: could not read Username for 'https://github.com': No such device or address
From https://gem5.googlesource.com/public/gem5
 * branch                  develop    -> FETCH_HEAD
Already up to date.
fatal: could not read Username for 'https://github.com': No such device or address
From https://gem5.googlesource.com/public/gem5
 * branch                  develop    -> FETCH_HEAD
Already up to date.
fatal: 'git@github.mkjost0/gem5-actions.git' does not appear to be a git repository
fatal: Could not read from remote repository.

Please make sure you have the correct access rights
and the repository exists.
From https://gem5.googlesource.com/public/gem5
 * branch                  develop    -> FETCH_HEAD
Already up to date.
fatal: 'git@github.mkjost0/gem5-actions.git' does not appear to be a git repository
fatal: Could not read from remote repository.

Please make sure you have the correct access rights
and the repository exists.
From https://gem5.googlesource.com/public/gem5
 * branch                  develop    -> FETCH_HEAD
Already up to date.
fatal: 'git@github.mkjost0/gem5-actions.git' does not appear to be a git repository
fatal: Could not read from remote repository.

Please make sure you have the correct access rights
and the repository exists.
From https://gem5.googlesource.com/public/gem5
 * branch                  develop    -> FETCH_HEAD
Already up to date.
Host key verification failed.
fatal: Could not read from remote repository.

Please make sure you have the correct access rights
and the repository exists.
From https://gem5.googlesource.com/public/gem5
 * branch                  develop    -> FETCH_HEAD
Already up to date.
Warning: Permanently added the RSA host key for IP address '192.30.255.112' to the list of known hosts.
To github.com:mkjost0/gem5-actions.git
 - [deleted]               origin/HEAD
 - [deleted]               origin/develop
From https://gem5.googlesource.com/public/gem5
 * branch                  develop    -> FETCH_HEAD
Already up to date.
To github.com:mkjost0/gem5-actions.git
 * [new branch]            origin/develop -> origin/develop
From https://gem5.googlesource.com/public/gem5
 * branch                  develop    -> FETCH_HEAD
Already up to date.
Everything up-to-date
From https://gem5.googlesource.com/public/gem5
 * branch                  develop    -> FETCH_HEAD
Already up to date.
Everything up-to-date
From https://gem5.googlesource.com/public/gem5
 * branch                  develop    -> FETCH_HEAD
   aff1ddb196..c4d61ca143  develop    -> upstream/develop
Auto-merging tests/nightly.sh
Merge made by the 'recursive' strategy.
 SConstruct                     | 8 +++++++-
 ext/sst/INSTALL.md             | 5 ++++-
 src/arch/riscv/isa/decoder.isa | 3 ++-
 tests/nightly.sh               | 2 +-
 4 files changed, 14 insertions(+), 4 deletions(-)
remote: Resolving deltas:   0% (0/19)        remote: Resolving deltas:   5% (1/19)        remote: Resolving deltas:  10% (2/19)        remote: Resolving deltas:  15% (3/19)        remote: Resolving deltas:  21% (4/19)        remote: Resolving deltas:  26% (5/19)        remote: Resolving deltas:  31% (6/19)        remote: Resolving deltas:  36% (7/19)        remote: Resolving deltas:  42% (8/19)        remote: Resolving deltas:  47% (9/19)        remote: Resolving deltas:  52% (10/19)        remote: Resolving deltas:  57% (11/19)        remote: Resolving deltas:  63% (12/19)        remote: Resolving deltas:  68% (13/19)        remote: Resolving deltas:  73% (14/19)        remote: Resolving deltas:  78% (15/19)        remote: Resolving deltas:  84% (16/19)        remote: Resolving deltas:  89% (17/19)        remote: Resolving deltas:  94% (18/19)        remote: Resolving deltas: 100% (19/19)        remote: Resolving deltas: 100% (19/19), completed with 12 local objects.        
To github.com:mkjost0/gem5-actions.git
   182211197d..53bdb2b14c  develop -> develop
   aff1ddb196..c4d61ca143  upstream/develop -> upstream/develop
 * [new branch]            testing/develop -> testing/develop
From https://gem5.googlesource.com/public/gem5
 * branch                  develop    -> FETCH_HEAD
Already up to date.
To github.com:mkjost0/gem5-actions.git
   114e8292cb..53bdb2b14c  origin/develop -> origin/develop
From https://gem5.googlesource.com/public/gem5
 * branch                  develop    -> FETCH_HEAD
Already up to date.
Warning: Permanently added the RSA host key for IP address '192.30.255.113' to the list of known hosts.
Everything up-to-date
From https://gem5.googlesource.com/public/gem5
 * branch                  develop    -> FETCH_HEAD
Already up to date.
To github.com:mkjost0/gem5-actions.git
   182211197d..50d2dac84c  testing/develop -> testing/develop
From https://gem5.googlesource.com/public/gem5
 * branch                  develop    -> FETCH_HEAD
Already up to date.
To github.com:mkjost0/gem5-actions.git
   53bdb2b14c..50d2dac84c  origin/develop -> origin/develop
From https://gem5.googlesource.com/public/gem5
 * branch                  develop    -> FETCH_HEAD
Already up to date.
To github.com:mkjost0/gem5-actions.git
   50d2dac84c..0e774f9eaa  testing/develop -> testing/develop
From https://gem5.googlesource.com/public/gem5
 * branch                  develop    -> FETCH_HEAD
Already up to date.
To github.com:mkjost0/gem5-actions.git
   50d2dac84c..0e774f9eaa  origin/develop -> origin/develop
From https://gem5.googlesource.com/public/gem5
 * branch                  develop    -> FETCH_HEAD
Already up to date.
Everything up-to-date
From https://gem5.googlesource.com/public/gem5
 * branch                  develop    -> FETCH_HEAD
Already up to date.
Everything up-to-date
From https://gem5.googlesource.com/public/gem5
 * branch                  develop    -> FETCH_HEAD
Already up to date.
Everything up-to-date
From https://gem5.googlesource.com/public/gem5
 * branch                  develop    -> FETCH_HEAD
Already up to date.
To github.com:mkjost0/gem5-actions.git
   0e774f9eaa..150f36167f  testing/develop -> testing/develop
From https://gem5.googlesource.com/public/gem5
 * branch                  develop    -> FETCH_HEAD
Already up to date.
To github.com:mkjost0/gem5-actions.git
   0e774f9eaa..150f36167f  origin/develop -> origin/develop
From https://gem5.googlesource.com/public/gem5
 * branch                  develop    -> FETCH_HEAD
Already up to date.
Everything up-to-date
From https://gem5.googlesource.com/public/gem5
 * branch                  develop    -> FETCH_HEAD
Already up to date.
Everything up-to-date
From https://gem5.googlesource.com/public/gem5
 * branch                  develop    -> FETCH_HEAD
Already up to date.
Everything up-to-date
From https://gem5.googlesource.com/public/gem5
 * branch                  develop    -> FETCH_HEAD
Already up to date.
Everything up-to-date
From https://gem5.googlesource.com/public/gem5
 * branch                  develop    -> FETCH_HEAD
Already up to date.
Everything up-to-date
From https://gem5.googlesource.com/public/gem5
 * branch                  develop    -> FETCH_HEAD
Already up to date.
Everything up-to-date
From https://gem5.googlesource.com/public/gem5
 * branch                  develop    -> FETCH_HEAD
Already up to date.
To github.com:mkjost0/gem5-actions.git
   150f36167f..6ba4045e04  testing/develop -> testing/develop
From https://gem5.googlesource.com/public/gem5
 * branch                  develop    -> FETCH_HEAD
Already up to date.
To github.com:mkjost0/gem5-actions.git
   150f36167f..6ba4045e04  origin/develop -> origin/develop
From https://gem5.googlesource.com/public/gem5
 * branch                  develop    -> FETCH_HEAD
Already up to date.
Everything up-to-date
From https://gem5.googlesource.com/public/gem5
 * branch                  develop    -> FETCH_HEAD
Already up to date.
Everything up-to-date
From https://gem5.googlesource.com/public/gem5
 * branch                  develop    -> FETCH_HEAD
Already up to date.
Everything up-to-date
From https://gem5.googlesource.com/public/gem5
 * branch                  develop    -> FETCH_HEAD
Already up to date.
Everything up-to-date
From https://gem5.googlesource.com/public/gem5
 * branch                  develop    -> FETCH_HEAD
Already up to date.
Everything up-to-date
From https://gem5.googlesource.com/public/gem5
 * branch                  develop    -> FETCH_HEAD
Already up to date.
Everything up-to-date
From https://gem5.googlesource.com/public/gem5
 * branch                  develop    -> FETCH_HEAD
Already up to date.
Everything up-to-date
From https://gem5.googlesource.com/public/gem5
 * branch                  develop    -> FETCH_HEAD
Already up to date.
Everything up-to-date
From https://gem5.googlesource.com/public/gem5
 * branch                  develop    -> FETCH_HEAD
Already up to date.
Everything up-to-date
From https://gem5.googlesource.com/public/gem5
 * branch                  develop    -> FETCH_HEAD
Already up to date.
Everything up-to-date
From https://gem5.googlesource.com/public/gem5
 * branch                  develop    -> FETCH_HEAD
Already up to date.
Everything up-to-date
From https://gem5.googlesource.com/public/gem5
 * branch                  develop    -> FETCH_HEAD
Already up to date.
Everything up-to-date
From https://gem5.googlesource.com/public/gem5
 * branch                  develop    -> FETCH_HEAD
Already up to date.
Everything up-to-date
From https://gem5.googlesource.com/public/gem5
 * branch                  develop    -> FETCH_HEAD
Already up to date.
Everything up-to-date
From https://gem5.googlesource.com/public/gem5
 * branch                  develop    -> FETCH_HEAD
Already up to date.
Everything up-to-date
From https://gem5.googlesource.com/public/gem5
 * branch                  develop    -> FETCH_HEAD
Already up to date.
Everything up-to-date
From https://gem5.googlesource.com/public/gem5
 * branch                  develop    -> FETCH_HEAD
Already up to date.
Everything up-to-date
From https://gem5.googlesource.com/public/gem5
 * branch                  develop    -> FETCH_HEAD
Already up to date.
Everything up-to-date
From https://gem5.googlesource.com/public/gem5
 * branch                  develop    -> FETCH_HEAD
Already up to date.
Everything up-to-date
From https://gem5.googlesource.com/public/gem5
 * branch                  develop    -> FETCH_HEAD
Already up to date.
To github.com:mkjost0/gem5-actions.git
   6ba4045e04..e3ce4f9109  testing/develop -> testing/develop
From https://gem5.googlesource.com/public/gem5
 * branch                  develop    -> FETCH_HEAD
Already up to date.
To github.com:mkjost0/gem5-actions.git
   6ba4045e04..e3ce4f9109  origin/develop -> origin/develop
   e3ce4f9109..dfbd3e27c1  testing/develop -> testing/develop
From https://gem5.googlesource.com/public/gem5
 * branch                  develop    -> FETCH_HEAD
Already up to date.
To github.com:mkjost0/gem5-actions.git
   e3ce4f9109..dfbd3e27c1  origin/develop -> origin/develop
From https://gem5.googlesource.com/public/gem5
 * branch                  develop    -> FETCH_HEAD
Already up to date.
Everything up-to-date
From https://gem5.googlesource.com/public/gem5
 * branch                  develop    -> FETCH_HEAD
Already up to date.
Everything up-to-date
From https://gem5.googlesource.com/public/gem5
 * branch                  develop    -> FETCH_HEAD
Already up to date.
Everything up-to-date
From https://gem5.googlesource.com/public/gem5
 * branch                  develop    -> FETCH_HEAD
Already up to date.
Everything up-to-date
From https://gem5.googlesource.com/public/gem5
 * branch                  develop    -> FETCH_HEAD
Already up to date.
Everything up-to-date
From https://gem5.googlesource.com/public/gem5
 * branch                  develop    -> FETCH_HEAD
Already up to date.
Everything up-to-date
From https://gem5.googlesource.com/public/gem5
 * branch                  develop    -> FETCH_HEAD
Already up to date.
Everything up-to-date
From https://gem5.googlesource.com/public/gem5
 * branch                  develop    -> FETCH_HEAD
Already up to date.
Everything up-to-date
From https://gem5.googlesource.com/public/gem5
 * branch                  develop    -> FETCH_HEAD
Already up to date.
Everything up-to-date
From https://gem5.googlesource.com/public/gem5
 * branch                  develop    -> FETCH_HEAD
Already up to date.
Everything up-to-date
From https://gem5.googlesource.com/public/gem5
 * branch                  develop    -> FETCH_HEAD
Already up to date.
Everything up-to-date
From https://gem5.googlesource.com/public/gem5
 * branch                  develop    -> FETCH_HEAD
Already up to date.
Everything up-to-date
From https://gem5.googlesource.com/public/gem5
 * branch                  develop    -> FETCH_HEAD
Already up to date.
To github.com:mkjost0/gem5-actions.git
   dfbd3e27c1..cff1616b4c  testing/develop -> testing/develop
From https://gem5.googlesource.com/public/gem5
 * branch                  develop    -> FETCH_HEAD
Already up to date.
To github.com:mkjost0/gem5-actions.git
   dfbd3e27c1..cff1616b4c  origin/develop -> origin/develop
From https://gem5.googlesource.com/public/gem5
 * branch                  develop    -> FETCH_HEAD
Already up to date.
Everything up-to-date
From https://gem5.googlesource.com/public/gem5
 * branch                  develop    -> FETCH_HEAD
Already up to date.
Everything up-to-date
From https://gem5.googlesource.com/public/gem5
 * branch                  develop    -> FETCH_HEAD
Already up to date.
Everything up-to-date
From https://gem5.googlesource.com/public/gem5
 * branch                  develop    -> FETCH_HEAD
Already up to date.
Everything up-to-date
From https://gem5.googlesource.com/public/gem5
 * branch                  develop    -> FETCH_HEAD
Already up to date.
Everything up-to-date
From https://gem5.googlesource.com/public/gem5
 * branch                  develop    -> FETCH_HEAD
Already up to date.
Everything up-to-date
From https://gem5.googlesource.com/public/gem5
 * branch                  develop    -> FETCH_HEAD
Already up to date.
Everything up-to-date
From https://gem5.googlesource.com/public/gem5
 * branch                  develop    -> FETCH_HEAD
Already up to date.
Everything up-to-date
From https://gem5.googlesource.com/public/gem5
 * branch                  develop    -> FETCH_HEAD
Already up to date.
Everything up-to-date
From https://gem5.googlesource.com/public/gem5
 * branch                  develop    -> FETCH_HEAD
Already up to date.
Everything up-to-date
From https://gem5.googlesource.com/public/gem5
 * branch                  develop    -> FETCH_HEAD
Already up to date.
Everything up-to-date
From https://gem5.googlesource.com/public/gem5
 * branch                  develop    -> FETCH_HEAD
Already up to date.
Everything up-to-date
From https://gem5.googlesource.com/public/gem5
 * branch                  develop    -> FETCH_HEAD
Already up to date.
Everything up-to-date
From https://gem5.googlesource.com/public/gem5
 * branch                  develop    -> FETCH_HEAD
Already up to date.
Everything up-to-date
From https://gem5.googlesource.com/public/gem5
 * branch                  develop    -> FETCH_HEAD
Already up to date.
Everything up-to-date
From https://gem5.googlesource.com/public/gem5
 * branch                  develop    -> FETCH_HEAD
Already up to date.
Everything up-to-date
From https://gem5.googlesource.com/public/gem5
 * branch                  develop    -> FETCH_HEAD
Already up to date.
Everything up-to-date
From https://gem5.googlesource.com/public/gem5
 * branch                  develop    -> FETCH_HEAD
Already up to date.
Everything up-to-date
From https://gem5.googlesource.com/public/gem5
 * branch                  develop    -> FETCH_HEAD
Already up to date.
Everything up-to-date
From https://gem5.googlesource.com/public/gem5
 * branch                  develop    -> FETCH_HEAD
Already up to date.
Everything up-to-date
From https://gem5.googlesource.com/public/gem5
 * branch                  develop    -> FETCH_HEAD
Already up to date.
Everything up-to-date
From https://gem5.googlesource.com/public/gem5
 * branch                  develop    -> FETCH_HEAD
Already up to date.
Everything up-to-date
From https://gem5.googlesource.com/public/gem5
 * branch                  develop    -> FETCH_HEAD
Already up to date.
Everything up-to-date
From https://gem5.googlesource.com/public/gem5
 * branch                  develop    -> FETCH_HEAD
Already up to date.
Everything up-to-date
From https://gem5.googlesource.com/public/gem5
 * branch                  develop    -> FETCH_HEAD
Already up to date.
Everything up-to-date
From https://gem5.googlesource.com/public/gem5
 * branch                  develop    -> FETCH_HEAD
Already up to date.
Everything up-to-date
From https://gem5.googlesource.com/public/gem5
 * branch                  develop    -> FETCH_HEAD
Already up to date.
Everything up-to-date
From https://gem5.googlesource.com/public/gem5
 * branch                  develop    -> FETCH_HEAD
Already up to date.
Everything up-to-date
From https://gem5.googlesource.com/public/gem5
 * branch                  develop    -> FETCH_HEAD
Already up to date.
Everything up-to-date
From https://gem5.googlesource.com/public/gem5
 * branch                  develop    -> FETCH_HEAD
Already up to date.
Everything up-to-date
From https://gem5.googlesource.com/public/gem5
 * branch                  develop    -> FETCH_HEAD
Already up to date.
Everything up-to-date
From https://gem5.googlesource.com/public/gem5
 * branch                  develop    -> FETCH_HEAD
Already up to date.
Everything up-to-date
From https://gem5.googlesource.com/public/gem5
 * branch                  develop    -> FETCH_HEAD
Already up to date.
Everything up-to-date
From https://gem5.googlesource.com/public/gem5
 * branch                  develop    -> FETCH_HEAD
Already up to date.
Everything up-to-date
From https://gem5.googlesource.com/public/gem5
 * branch                  develop    -> FETCH_HEAD
Already up to date.
Everything up-to-date
From https://gem5.googlesource.com/public/gem5
 * branch                  develop    -> FETCH_HEAD
Already up to date.
Everything up-to-date
From https://gem5.googlesource.com/public/gem5
 * branch                  develop    -> FETCH_HEAD
Already up to date.
Everything up-to-date
From https://gem5.googlesource.com/public/gem5
 * branch                  develop    -> FETCH_HEAD
Already up to date.
Everything up-to-date
From https://gem5.googlesource.com/public/gem5
 * branch                  develop    -> FETCH_HEAD
Already up to date.
Everything up-to-date
From https://gem5.googlesource.com/public/gem5
 * branch                  develop    -> FETCH_HEAD
Already up to date.
Everything up-to-date
From https://gem5.googlesource.com/public/gem5
 * branch                  develop    -> FETCH_HEAD
Already up to date.
Everything up-to-date
From https://gem5.googlesource.com/public/gem5
 * branch                  develop    -> FETCH_HEAD
Already up to date.
Everything up-to-date
From https://gem5.googlesource.com/public/gem5
 * branch                  develop    -> FETCH_HEAD
Already up to date.
Everything up-to-date
From https://gem5.googlesource.com/public/gem5
 * branch                  develop    -> FETCH_HEAD
Already up to date.
Everything up-to-date
From https://gem5.googlesource.com/public/gem5
 * branch                  develop    -> FETCH_HEAD
Already up to date.
Everything up-to-date
From https://gem5.googlesource.com/public/gem5
 * branch                  develop    -> FETCH_HEAD
Already up to date.
Everything up-to-date
From https://gem5.googlesource.com/public/gem5
 * branch                  develop    -> FETCH_HEAD
Already up to date.
Everything up-to-date
From https://gem5.googlesource.com/public/gem5
 * branch                  develop    -> FETCH_HEAD
Already up to date.
Everything up-to-date
From https://gem5.googlesource.com/public/gem5
 * branch                  develop    -> FETCH_HEAD
Already up to date.
Everything up-to-date
From https://gem5.googlesource.com/public/gem5
 * branch                  develop    -> FETCH_HEAD
Already up to date.
Everything up-to-date
From https://gem5.googlesource.com/public/gem5
 * branch                  develop    -> FETCH_HEAD
Already up to date.
Everything up-to-date
From https://gem5.googlesource.com/public/gem5
 * branch                  develop    -> FETCH_HEAD
Already up to date.
Everything up-to-date
